<table border="1" class="dataframe">
  <thead>
    <tr style="text-align: right;">
      <th></th>
      <th>Champs</th>
      <th>R1</th>
    </tr>
  </thead>
  <tbody>
    <tr>
      <th>0</th>
      <td>nbCasCovidConnuTotal</td>
      <td>78408.000</td>
    </tr>
    <tr>
      <th>1</th>
      <td>tauxDeMortCasConnu</td>
      <td>1.944</td>
    </tr>
    <tr>
      <th>2</th>
      <td>tauxMortalitePopulationGobale</td>
      <td>1.524</td>
    </tr>
    <tr>
      <th>3</th>
      <td>tauxDeMort0-15ans</td>
      <td>0.000</td>
    </tr>
    <tr>
      <th>4</th>
      <td>tauxDeMort15-25ans</td>
      <td>0.110</td>
    </tr>
    <tr>
      <th>5</th>
      <td>tauxDeMort25-35ans</td>
      <td>0.195</td>
    </tr>
    <tr>
      <th>6</th>
      <td>tauxDeMort35-45ans</td>
      <td>0.719</td>
    </tr>
    <tr>
      <th>7</th>
      <td>tauxDeMort45-55ans</td>
      <td>1.040</td>
    </tr>
    <tr>
      <th>8</th>
      <td>tauxDeMort55-65ans</td>
      <td>3.119</td>
    </tr>
    <tr>
      <th>9</th>
      <td>tauxDeMort65-75ans</td>
      <td>3.992</td>
    </tr>
    <tr>
      <th>10</th>
      <td>tauxDeMort75+ans</td>
      <td>7.880</td>
    </tr>
    <tr>
      <th>11</th>
      <td>nbRandomGenere</td>
      <td>76599107.000</td>
    </tr>
  </tbody>
</table>